<time datetime="2023-01-27 09:12:34">2023-01-27 09:12:34</time>