<time datetime="2023-01-27 09:12:34">27.01.2023 09:12:34</time>