<time datetime="2023-01-27 09:12:34">15 minutes before</time>